/temps/3IF38.html (15 hits)
/temps/4IF16.html (14 hits)
/temps/FondInsa.jpg (13 hits)
/temps/ (12 hits)
/temps/4IF18.html (11 hits)
/temps/suivant (10 hits)
/temps/3IF37.html (9 hits)
/temps/4IF20.html (8 hits)
/temps/InsaIF.ico (7 hits)
/temps/4IF17.html (6 hits)