/temps/3IF38.html (15 hits)
/temps/4IF18.html (11 hits)
/temps/suivant.gif (10 hits)
/temps/3IF37.html (9 hits)
/temps/4IF20.html (8 hits)
/temps/4IF17.html (6 hits)
/temps/choix.gif (5 hits)
/temps/4IF19.html (4 hits)
/temps/precedent.gif (2 hits)
/temps/3IF39.html (1 hits)